Copyright 1986-2019 Xilinx, Inc. All Rights Reserved.
------------------------------------------------------------------------------------
| Tool Version : Vivado v.2019.2 (win64) Build 2708876 Wed Nov  6 21:40:23 MST 2019
| Date         : Sun Jul 19 02:59:41 2020
| Host         : tkrasnoperov-PC running 64-bit Service Pack 1  (build 7601)
| Command      : report_control_sets -verbose -file top_control_sets_placed.rpt
| Design       : top
| Device       : xc7a35ti
------------------------------------------------------------------------------------

Control Set Information

Table of Contents
-----------------
1. Summary
2. Histogram
3. Flip-Flop Distribution
4. Detailed Control Set Information

1. Summary
----------

+----------------------------------------------------------+-------+
|                          Status                          | Count |
+----------------------------------------------------------+-------+
| Total control sets                                       |    49 |
|    Minimum number of control sets                        |    49 |
|    Addition due to synthesis replication                 |     0 |
|    Addition due to physical synthesis replication        |     0 |
| Unused register locations in slices containing registers |   197 |
+----------------------------------------------------------+-------+
* Control sets can be merged at opt_design using control_set_merge or merge_equivalent_drivers
** Run report_qor_suggestions for automated merging and remapping suggestions


2. Histogram
------------

+--------------------+-------+
|       Fanout       | Count |
+--------------------+-------+
| Total control sets |    49 |
| >= 0 to < 4        |     1 |
| >= 4 to < 6        |     6 |
| >= 6 to < 8        |     1 |
| >= 8 to < 10       |     5 |
| >= 10 to < 12      |     6 |
| >= 12 to < 14      |    12 |
| >= 14 to < 16      |     5 |
| >= 16              |    13 |
+--------------------+-------+
* Control sets can be remapped at either synth_design or opt_design


3. Flip-Flop Distribution
-------------------------

+--------------+-----------------------+------------------------+-----------------+--------------+
| Clock Enable | Synchronous Set/Reset | Asynchronous Set/Reset | Total Registers | Total Slices |
+--------------+-----------------------+------------------------+-----------------+--------------+
| No           | No                    | No                     |              53 |           35 |
| No           | No                    | Yes                    |               0 |            0 |
| No           | Yes                   | No                     |             181 |           56 |
| Yes          | No                    | No                     |             411 |          177 |
| Yes          | No                    | Yes                    |               0 |            0 |
| Yes          | Yes                   | No                     |             206 |           74 |
+--------------+-----------------------+------------------------+-----------------+--------------+


4. Detailed Control Set Information
-----------------------------------

+----------------------+----------------------------------------------------------+------------------------------------------------+------------------+----------------+
|     Clock Signal     |                       Enable Signal                      |                Set/Reset Signal                | Slice Load Count | Bel Load Count |
+----------------------+----------------------------------------------------------+------------------------------------------------+------------------+----------------+
|  clk_IBUF_BUFG       | wavelet_resampler_1/state_counter[4]_i_2_n_0             |                                                |                1 |              1 |
|  clk_IBUF_BUFG       | wavelet_resampler_1/state                                |                                                |                1 |              4 |
|  clk_IBUF_BUFG       | wavelet_resampler_1/state_counter[4]_i_2_n_0             | wavelet_resampler_1/state_counter[4]_i_1_n_0   |                1 |              4 |
|  clk_IBUF_BUFG       | settings_controller_1/octave_code_reg                    |                                                |                4 |              5 |
|  clk_IBUF_BUFG       | settings_controller_1/key_code_reg                       |                                                |                3 |              5 |
|  clk_IBUF_BUFG       | settings_controller_1/dry_wet_code_reg                   |                                                |                3 |              5 |
|  clk_IBUF_BUFG       | key/state_counter[4]_i_2_n_0                             | key/state_counter[4]_i_1_n_0                   |                2 |              5 |
|  clk_IBUF_BUFG       |                                                          | ac/tail_read_select[9]_i_1_n_0                 |                4 |              7 |
|  clk_IBUF_BUFG       |                                                          | key/key_periods[3][7]_i_1_n_0                  |                3 |              8 |
|  clk_IBUF_BUFG       |                                                          | ac/bin_write_select[8]_i_1_n_0                 |                3 |              9 |
|  clk_IBUF_BUFG       | ac/bin_read_select[8]_i_2_n_0                            | ac/bin_read_select[8]_i_1_n_0                  |                3 |              9 |
|  clk_IBUF_BUFG       | wavelet_resampler_1/sample_position[9]_i_2_n_0           | wavelet_resampler_1/sample_position[9]_i_1_n_0 |                4 |              9 |
|  clk_IBUF_BUFG       | ac/processing_state[8]_i_1_n_0                           |                                                |                4 |              9 |
|  clk_IBUF_BUFG       | ac/detected_period_ready_i_1_n_0                         |                                                |                5 |             10 |
|  clk_IBUF_BUFG       | wavelet_splitter_1/curr_buffer_position[10]_i_1_n_0      |                                                |                3 |             11 |
|  clk_IBUF_BUFG       | wavelet_resampler_1/x_buffer_reg_1_0_i_1_n_0             |                                                |                5 |             11 |
|  clk_IBUF_BUFG       | key/note_period[10]_i_1_n_0                              |                                                |                7 |             11 |
|  clk_IBUF_BUFG       | wavelet_resampler_1/x_left[10]_i_1_n_0                   |                                                |               11 |             11 |
|  clk_IBUF_BUFG       | key/min_abs_diff[10]_i_2_n_0                             | key/min_abs_diff[10]_i_1_n_0                   |                5 |             11 |
|  m_clk/inst/axis_clk | m_i2s2/tx_data_l                                         | m_i2s2/rx_data_l[23]_i_1_n_0                   |                7 |             12 |
|  m_clk/inst/axis_clk | x_frame                                                  |                                                |                4 |             12 |
|  m_clk/inst/axis_clk | y_frame[23]_i_2_n_0                                      | y_frame[23]_i_1_n_0                            |                3 |             12 |
|  clk_IBUF_BUFG       |                                                          | key/key_periods[2][0]_i_1_n_0                  |                4 |             12 |
|  clk_IBUF_BUFG       | wavelet_resampler_1/y[11]_i_1_n_0                        |                                                |                3 |             12 |
|  clk_IBUF_BUFG       | wavelet_resampler_1/y_reg[11]_i_1_n_0                    |                                                |                3 |             12 |
|  m_clk/inst/axis_clk | m_i2s2/tx_data_r                                         | m_i2s2/rx_data_l[23]_i_1_n_0                   |                6 |             12 |
|  m_clk/inst/axis_clk | m_i2s2/tx_data_l_shift[23]                               |                                                |                6 |             12 |
|  m_clk/inst/axis_clk | m_i2s2/tx_data_r_shift[23]                               |                                                |                6 |             12 |
|  m_clk/inst/axis_clk | m_vc/data[0][47]_i_1_n_0                                 | m_vc/data[0][22]_i_1_n_0                       |                7 |             12 |
|  m_clk/inst/axis_clk | m_vc/data[1][47]_i_1_n_0                                 | m_vc/data[0][22]_i_1_n_0                       |                4 |             12 |
|  clk_IBUF_BUFG       |                                                          | key/key_periods[0][5]_i_1_n_0                  |                6 |             13 |
|  m_clk/inst/axis_clk | m_i2s2/rx_data_l_shift                                   |                                                |                6 |             14 |
|  m_clk/inst/axis_clk | m_i2s2/rx_data_r_shift                                   |                                                |                7 |             14 |
|  m_clk/inst/axis_clk | m_vc/data[1][47]_i_1_n_0                                 |                                                |                3 |             14 |
|  m_clk/inst/axis_clk | m_vc/data[0][47]_i_1_n_0                                 |                                                |                3 |             14 |
|  clk_IBUF_BUFG       |                                                          | ac/tail_read_select[10]_i_1_n_0                |                4 |             15 |
|  clk_IBUF_BUFG       | ac/diff_norm_reg_i_1_n_0                                 |                                                |                6 |             17 |
|  m_clk/inst/axis_clk |                                                          |                                                |               13 |             20 |
|  clk_IBUF_BUFG       | wavelet_splitter_1/curr_period[9]_i_1_n_0                |                                                |                9 |             21 |
|  clk_IBUF_BUFG       | wavelet_splitter_1/wavelet_start[10]_i_1_n_0             |                                                |               11 |             21 |
|  clk_IBUF_BUFG       |                                                          | key/key_periods[1][4]_i_1_n_0                  |                8 |             21 |
|  clk_IBUF_BUFG       | wavelet_resampler_1/curr_note_period[10]_i_1_n_0         |                                                |               11 |             22 |
|  m_clk/inst/axis_clk | m_i2s2/rx_data_l0                                        | m_i2s2/rx_data_l[23]_i_1_n_0                   |                8 |             26 |
|  clk_IBUF_BUFG       | settings_controller_1/reciever/r_Clock_Count[31]_i_1_n_0 |                                                |               14 |             32 |
|  clk_IBUF_BUFG       |                                                          |                                                |               22 |             33 |
|  clk_IBUF_BUFG       | ac/buffer_write_on_reg_n_0                               |                                                |               11 |             33 |
|  clk_IBUF_BUFG       | ac/cv_sub[16]_i_1_n_0                                    |                                                |               27 |             68 |
|  clk_IBUF_BUFG       | ac/min_diff                                              | ac/min_diff[71]_i_1_n_0                        |               24 |             82 |
|  clk_IBUF_BUFG       |                                                          | ac/cv_new[47]_i_1_n_0                          |               24 |             96 |
+----------------------+----------------------------------------------------------+------------------------------------------------+------------------+----------------+


